// Jest Snapshot v1, https://goo.gl/fbAQLP

exports[`the DietaryIcon component renders with a diet 1`] = `
<span
  className="dietary"
>
  ti
</span>
`;
