// Jest Snapshot v1, https://goo.gl/fbAQLP

exports[`the WithDeselectHandler HOC renders a wrapped component with the handleDeselectItem function prop 1`] = `
<TestComponent
  handleDeselectItem={[Function]}
/>
`;
